# charset configuration file for winrtgen v1.2 by Massimiliano Montoro (mao@oxid.it)
# compatible with rainbowcrack 1.1 and later by Zhu Shuanglei <shuanglei@hotmail.com>


hex-lower                     = [0123456789abcçdef]
hex-upper                     = [0123456789ABCÇDEF]

numeric                       = [0123456789]
numeric-space                 = [0123456789 ]

symbols14                     = [!@#$%^&*()-_+=]
symbols14-space               = [!@#$%^&*()-_+= ]

symbols-all                   = [!@#$%^&*()-_+=~`[]{}|\:;"'<>,.?/]
symbols-all-space             = [!@#$%^&*()-_+=~`[]{}|\:;"'<>,.?/ ]

ualpha                        = [ABCÇDEFGĞHIİJKLMNOÖPQRSŞTUÜVWXYZ]
ualpha-space                  = [ABCÇDEFGĞHIİJKLMNOÖPQRSŞTUÜVWXYZ ]
ualpha-numeric                = [ABCÇDEFGĞHIİJKLMNOÖPQRSŞTUÜVWXYZ0123456789]
ualpha-numeric-space          = [ABCÇDEFGĞHIİJKLMNOÖPQRSŞTUÜVWXYZ0123456789 ]
ualpha-numeric-symbol14       = [ABCÇDEFGĞHIİJKLMNOÖPQRSŞTUÜVWXYZ0123456789!@#$%^&*()-_+=]
ualpha-numeric-symbol14-space = [ABCÇDEFGĞHIİJKLMNOÖPQRSŞTUÜVWXYZ0123456789!@#$%^&*()-_+= ]
ualpha-numeric-all            = [ABCÇDEFGĞHIİJKLMNOÖPQRSŞTUÜVWXYZ0123456789!@#$%^&*()-_+=~`[]{}|\:;"'<>,.?/]
ualpha-numeric-all-space      = [ABCÇDEFGĞHIİJKLMNOÖPQRSŞTUÜVWXYZ0123456789!@#$%^&*()-_+=~`[]{}|\:;"'<>,.?/ ]

lalpha                        = [abcçdefghıijklmnoöpqrsştuüvwxyz]
lalpha-space                  = [abcçdefghıijklmnoöpqrsştuüvwxyz ]
lalpha-numeric                = [abcçdefghıijklmnoöpqrsştuüvwxyz0123456789]
lalpha-numeric-space          = [abcçdefghıijklmnoöpqrsştuüvwxyz0123456789 ]
lalpha-numeric-symbol14       = [abcçdefghıijklmnoöpqrsştuüvwxyz0123456789!@#$%^&*()-_+=]
lalpha-numeric-symbol14-space = [abcçdefghıijklmnoöpqrsştuüvwxyz0123456789!@#$%^&*()-_+= ]
lalpha-numeric-all 	      = [abcçdefghijklmnoöpqrsştuüvwxyz0123456789!@#$%^&*()-_+=~`[]{}|\:;"'<>,.?/]
lalpha-numeric-all-space      = [abcçdefghijklmnoöpqrsştuüvwxyz0123456789!@#$%^&*()-_+=~`[]{}|\:;"'<>,.?/ ]

mixalpha                   = [abcçdefghıijklmnoöpqrsştuüvwxyzABCÇDEFGĞHIİJKLMNOÖPQRSŞTUÜVWXYZ]
mixalpha-space             = [abcçdefghıijklmnoöpqrsştuüvwxyzABCÇDEFGĞHIİJKLMNOÖPQRSŞTUÜVWXYZ ]
mixalpha-numeric           = [abcçdefghıijklmnoöpqrsştuüvwxyzABCÇDEFGĞHIİJKLMNOÖPQRSŞTUÜVWXYZ0123456789]
mixalpha-numeric-space     = [abcçdefghıijklmnoöpqrsştuüvwxyzABCÇDEFGĞHIİJKLMNOÖPQRSŞTUÜVWXYZ0123456789 ]
mixalpha-numeric-symbol14  = [abcçdefghıijklmnoöpqrsştuüvwxyzABCÇDEFGĞHIİJKLMNOÖPQRSŞTUÜVWXYZ0123456789!@#$%^&*()-_+=]
mixalpha-numeric-symbol14-space = [abcçdefghıijklmnoöpqrsştuüvwxyzABCÇDEFGĞHIİJKLMNOÖPQRSŞTUÜVWXYZ0123456789!@#$%^&*()-_+= ]
mixalpha-numeric-all       = [abcçdefghıijklmnoöpqrsştuüvwxyzABCÇDEFGĞHIİJKLMNOÖPQRSŞTUÜVWXYZ0123456789!@#$%^&*()-_+=~`[]{}|\:;"'<>,.?/]
mixalpha-numeric-all-space = [abcçdefghıijklmnoöpqrsştuüvwxyzABCÇDEFGĞHIİJKLMNOÖPQRSŞTUÜVWXYZ0123456789!@#$%^&*()-_+=~`[]{}|\:;"'<>,.?/ ]

#########################################################################################
#                 SWEDISH CHAR-SUPPORT                                                  # #########################################################################################

#########################
# Uppercase             #
#########################
ualpha-sv                        = [ABCÇDEFGĞHIİJKLMNOÖPQRSŞTUÜVWXYZÅÄÖ]
ualpha-space-sv                  = [ABCÇDEFGĞHIİJKLMNOÖPQRSŞTUÜVWXYZÅÄÖ ]
ualpha-numeric-sv                = [ABCÇDEFGĞHIİJKLMNOÖPQRSŞTUÜVWXYZÅÄÖ0123456789]
ualpha-numeric-space-sv          = [ABCÇDEFGĞHIİJKLMNOÖPQRSŞTUÜVWXYZÅÄÖ0123456789 ]
ualpha-numeric-symbol14-sv       = [ABCÇDEFGĞHIİJKLMNOÖPQRSŞTUÜVWXYZÅÄÖ0123456789!@#$%^&*()-_+=]
ualpha-numeric-symbol14-space-sv = [ABCÇDEFGĞHIİJKLMNOÖPQRSŞTUÜVWXYZÅÄÖ0123456789!@#$%^&*()-_+= ]
ualpha-numeric-all-sv            = [ABCÇDEFGĞHIİJKLMNOÖPQRSŞTUÜVWXYZÅÄÖ0123456789!@#$%^&*()-_+=~`[]{}|\:;"'<>,.?/]
ualpha-numeric-all-space-sv      = [ABCÇDEFGĞHIİJKLMNOÖPQRSŞTUÜVWXYZÅÄÖ0123456789!@#$%^&*()-_+=~`[]{}|\:;"'<>,.?/ ]

#########################
# Lowercase             #
#########################
lalpha-sv                        = [abcçdefghıijklmnoöpqrsştuüvwxyzåäö]
lalpha-space-sv                  = [abcçdefghıijklmnoöpqrsştuüvwxyzåäö ]
lalpha-numeric-sv                = [abcçdefghıijklmnoöpqrsştuüvwxyzåäö0123456789]
lalpha-numeric-space-sv          = [abcçdefghıijklmnoöpqrsştuüvwxyzåäö0123456789 ]
lalpha-numeric-symbol14-sv       = [abcçdefghıijklmnoöpqrsştuüvwxyzåäö0123456789!@#$%^&*()-_+=]
lalpha-numeric-symbol14-space-sv = [abcçdefghıijklmnoöpqrsştuüvwxyzåäö0123456789!@#$%^&*()-_+= ]
lalpha-numeric-all-sv            = [abcçdefghıijklmnoöpqrsştuüvwxyzåäö0123456789!@#$%^&*()-_+=~`[]{}|\:;"'<>,.?/]
lalpha-numeric-all-space-sv      = [abcçdefghıijklmnoöpqrsştuüvwxyzåäö0123456789!@#$%^&*()-_+=~`[]{}|\:;"'<>,.?/ ]

#########################
# Mixcase               #
#########################
mixalpha-sv                   = [abcçdefghıijklmnoöpqrsştuüvwxyzåäöABCÇDEFGĞHIİJKLMNOÖPQRSŞTUÜVWXYZÅÄÖ]
mixalpha-space-sv             = [abcçdefghıijklmnoöpqrsştuüvwxyzåäöABCÇDEFGĞHIİJKLMNOÖPQRSŞTUÜVWXYZÅÄÖ ]
mixalpha-numeric-sv           = [abcçdefghıijklmnoöpqrsştuüvwxyzåäöABCÇDEFGĞHIİJKLMNOÖPQRSŞTUÜVWXYZÅÄÖ0123456789]
mixalpha-numeric-space-sv     = [abcçdefghıijklmnoöpqrsştuüvwxyzåäöABCÇDEFGĞHIİJKLMNOÖPQRSŞTUÜVWXYZÅÄÖ0123456789 ]
mixalpha-numeric-symbol14-sv  = [abcçdefghıijklmnoöpqrsştuüvwxyzåäöABCÇDEFGĞHIİJKLMNOÖPQRSŞTUÜVWXYZÅÄÖ0123456789!@#$%^&*()-_+=]
mixalpha-numeric-symbol14-space-sv = [abcçdefghıijklmnoöpqrsştuüvwxyzåäöABCÇDEFGĞHIİJKLMNOÖPQRSŞTUÜVWXYZÅÄÖ0123456789!@#$%^&*()-_+= ]
mixalpha-numeric-all-sv       = [abcçdefghıijklmnoöpqrsştuüvwxyzåäöABCÇDEFGĞHIİJKLMNOÖPQRSŞTUÜVWXYZÅÄÖ0123456789!@#$%^&*()-_+=~`[]{}|\:;"'<>,.?/]
mixalpha-numeric-all-space-sv = [abcçdefghıijklmnoöpqrsştuüvwxyzåäöABCÇDEFGĞHIİJKLMNOÖPQRSŞTUÜVWXYZÅÄÖ0123456789!@#$%^&*()-_+=~`[]{}|\:;"'<>,.?/ ]
